
> picsell.agency@0.1.0 build
> next build

Ôû▓ Next.js 16.1.5 (Turbopack)

  Creating an optimized production build ...
node.exe : 
Au caractère Ligne:1 
: 1
+ & "C:\Program Files
\nodejs/node.exe" 
"C:\Program 
Files\nodejs/node_mo 
...
+ ~~~~~~~~~~~~~~~~~~~
~~~~~~~~~~~~~~~~~~~~~
~~~~~~~~~~~~~~~~~~~~~
~~~~~~~~
    + CategoryInfo   
           : NotSpe  
  cified: (:String   
 ) [], RemoteExce    
ption
    + FullyQualified 
   ErrorId : Native  
  CommandError
 
> Build error 
occurred
Error: Turbopack 
build failed with 1 
errors:
./src/lib/mdx.ts:1:1
Module not found: 
Can't resolve 'fs'
[0m[31m[1m>[22m[
39m[90m 1 |[39m 
[36mimport[39m fs 
[36mfrom[39m [32m'
fs'[39m[33m;[39m
 [90m   |[39m [31m
[1m^[22m[39m[31m
[1m^[22m[39m[31m[
1m^[22m[39m[31m[1
m^[22m[39m[31m[1m
^[22m[39m[31m[1m^
[22m[39m[31m[1m^
[22m[39m[31m[1m^[
22m[39m[31m[1m^[2
2m[39m[31m[1m^[22
m[39m[31m[1m^[22m
[39m[31m[1m^[22m
[39m[31m[1m^[22m[
39m[31m[1m^[22m[3
9m[31m[1m^[22m[39
m[31m[1m^[22m[39m
[31m[1m^[22m[39m
[31m[1m^[22m[39m[
31m[1m^[22m[39m[3
1m[1m^[22m[39m
 [90m 2 |[39m 
[36mimport[39m 
path [36mfrom[39m 
[32m'path'[39m[33m;
[39m
 [90m 3 |[39m 
[36mimport[39m 
matter 
[36mfrom[39m [32m'
gray-matter'[39m[33
m;[39m
 [90m 4 |[39m[0m



Import traces:
  Server Component:
    ./src/lib/mdx.ts
    ./src/app/(pilier
s)/services/[slug]/pa
ge.tsx

  Client Component 
Browser:
    ./src/lib/mdx.ts 
[Client Component 
Browser]
    ./src/components/
sections/ServicesSect
ion.tsx [Client 
Component Browser]
    ./src/components/
sections/ServicesSect
ion.tsx [Server 
Component]
    
./src/app/page.tsx 
[Server Component]

  Client Component 
SSR:
    ./src/lib/mdx.ts 
[Client Component 
SSR]
    ./src/components/
sections/ServicesSect
ion.tsx [Client 
Component SSR]
    ./src/components/
sections/ServicesSect
ion.tsx [Server 
Component]
    
./src/app/page.tsx 
[Server Component]

https://nextjs.org/do
cs/messages/module-no
t-found


    at <unknown> (./s
rc/lib/mdx.ts:1:1)
    at <unknown> (htt
ps://nextjs.org/docs/
messages/module-not-f
ound)
